******************************************************************************
                  TI ARM Linker Unix v20.2.1                   
******************************************************************************
>> Linked Fri Dec 18 18:17:57 2020

OUTPUT FILE NAME:   <empty_CC1352R1_LAUNCHXL_tirtos_ccs.out>
ENTRY POINT SYMBOL: "ResetISR"  address: 000023d9


MEMORY CONFIGURATION

         name            origin    length      used     unused   attr    fill
----------------------  --------  ---------  --------  --------  ----  --------
  FLASH                 00000000   00058000  00003d94  0005426c  R  X
  GPRAM                 11000000   00002000  00000000  00002000  RW X
  SRAM                  20000000   00014000  00004ee9  0000f117  RW X
  LOG_DATA              90000000   00040000  00000000  00040000  R   


SEGMENT ALLOCATION MAP

run origin  load origin   length   init length attrs members
----------  ----------- ---------- ----------- ----- -------
00000000    00000000    00003d40   00003d40    r-x
  00000000    00000000    0000003c   0000003c    r-- .resetVecs
  0000003c    0000003c    00003588   00003588    r-x .text
  000035c4    000035c4    000005a0   000005a0    r-- .const
  00003b68    00003b68    000001d8   000001d8    r-- .cinit
00057fa8    00057fa8    00000058   00000058    r--
  00057fa8    00057fa8    00000058   00000058    r-- .ccfg
20000100    20000100    0000000c   00000000    rw-
  20000100    20000100    00000004   00000000    rw- .data:xdcRomConstPtr
  20000104    20000104    00000004   00000000    rw- .data:xdcRomExternFuncPtr
  20000108    20000108    00000004   00000000    rw- .data:xdcRomStatePtr
20000110    20000110    00004000   00000000    r--
  20000110    20000110    00004000   00000000    r-- .priheap
20004110    20004110    00000a05   00000000    rw-
  20004110    20004110    000005b0   00000000    rw- .data
  200046c0    200046c0    00000455   00000000    rw- .bss
20013c00    20013c00    00000400   00000000    rw-
  20013c00    20013c00    00000400   00000000    rw- .stack


SECTION ALLOCATION MAP

 output                                  attributes/
section   page    origin      length       input sections
--------  ----  ----------  ----------   ----------------
.binit     0    00000000    00000000     

.cinit     0    00003b68    000001d8     
                  00003b68    00000182     (.cinit..data.load) [load image, compression = lzss]
                  00003cea    00000002     --HOLE-- [fill = 0]
                  00003cec    0000000c     (__TI_handler_table)
                  00003cf8    00000008     (.cinit..bss.load) [load image, compression = zero_init]
                  00003d00    00000008     (.cinit..data:xdcRomConstPtr.load) [load image, compression = lzss]
                  00003d08    00000008     (.cinit..data:xdcRomExternFuncPtr.load) [load image, compression = lzss]
                  00003d10    00000008     (.cinit..data:xdcRomStatePtr.load) [load image, compression = lzss]
                  00003d18    00000028     (__TI_cinit_table)

.init_array 
*          0    00000000    00000000     UNINITIALIZED

.ccfg      0    00057fa8    00000058     
                  00057fa8    00000058     ti_devices_config.obj (.ccfg:retain)

.data      0    20004110    000005b0     UNINITIALIZED
                  20004110    00000170     drivers_cc13x2.a : PowerCC26X2.oem4f (.data:PowerCC26X2_module)
                  20004280    0000010c     release_pem4f.oem4f (.data:ROM_stateStruct)
                  2000438c    00000088     rom_sysbios.aem4f : rom_sysbios.obj (.data:$O1$$)
                  20004414    00000054     release_pem4f.oem4f (.data:ti_sysbios_gates_GateMutex_Object__table__V)
                  20004468    0000004c     release_pem4f.oem4f (.data:ti_sysbios_knl_Task_Object__table__V)
                  200044b4    00000004     ti_drivers_config.obj (.data:gpioCallbackFunctions)
                  200044b8    00000048     release_pem4f.oem4f (.data:ti_sysbios_family_arm_cc26xx_Timer_Object__table__V)
                  20004500    00000030     release_pem4f.oem4f (.data:ti_sysbios_knl_Swi_Module_State_0_readyQ__A)
                  20004530    00000030     release_pem4f.oem4f (.data:ti_sysbios_knl_Swi_Object__table__V)
                  20004560    00000030     release_pem4f.oem4f (.data:ti_sysbios_knl_Task_Module_State_0_readyQ__A)
                  20004590    00000024     driverlib.lib : osc.obj (.data:$O1$$)
                  200045b4    00000020     release_pem4f.oem4f (.data:ti_sysbios_knl_Clock_Object__table__V)
                  200045d4    00000020     release_pem4f.oem4f (.data:xdc_runtime_Error_IgnoreBlock)
                  200045f4    00000018     release_pem4f.oem4f (.data:ti_sysbios_family_arm_m3_Hwi_Object__table__V)
                  2000460c    00000018     release_pem4f.oem4f (.data:ti_sysbios_heaps_HeapMem_Object__table__V)
                  20004624    00000008     rtsv7M4_T_le_v4SPD16_eabi.lib : _lock.c.obj (.data:$O1$$)
                  2000462c    00000008     drivers_cc13x2.a : PINCC26XX.oem4f (.data)
                  20004634    00000008     release_pem4f.oem4f (.data:ti_sysbios_family_arm_m3_Hwi_Module__root__V)
                  2000463c    00000008     release_pem4f.oem4f (.data:ti_sysbios_gates_GateHwi_Module__root__V)
                  20004644    00000008     release_pem4f.oem4f (.data:ti_sysbios_gates_GateMutex_Module__root__V)
                  2000464c    00000008     release_pem4f.oem4f (.data:ti_sysbios_hal_Hwi_Module__root__V)
                  20004654    00000008     release_pem4f.oem4f (.data:ti_sysbios_heaps_HeapMem_Module__root__V)
                  2000465c    00000008     release_pem4f.oem4f (.data:ti_sysbios_knl_Clock_Module__root__V)
                  20004664    00000008     release_pem4f.oem4f (.data:ti_sysbios_knl_Event_Module__root__V)
                  2000466c    00000008     release_pem4f.oem4f (.data:ti_sysbios_knl_Mailbox_Module__root__V)
                  20004674    00000008     release_pem4f.oem4f (.data:ti_sysbios_knl_Queue_Module__root__V)
                  2000467c    00000008     release_pem4f.oem4f (.data:ti_sysbios_knl_Semaphore_Module__root__V)
                  20004684    00000008     release_pem4f.oem4f (.data:ti_sysbios_knl_Swi_Module__root__V)
                  2000468c    00000008     release_pem4f.oem4f (.data:ti_sysbios_knl_Task_Module__root__V)
                  20004694    00000008     release_pem4f.oem4f (.data:xdc_runtime_System_Module_State_0_atexitHandlers__A)
                  2000469c    00000005     drivers_cc13x2.a : GPIOCC26XX.oem4f (.data)
                  200046a1    00000001     --HOLE--
                  200046a2    00000002     release_pem4f.oem4f (.data:ti_sysbios_family_arm_m3_Hwi_Module_State_0_excActive__A)
                  200046a4    00000004     ti_drivers_config.obj (.data:gpioPinConfigs)
                  200046a8    00000004     drivers_cc13x2.a : GPIOCC26XX.oem4f (.data:gpioPinTable)
                  200046ac    00000004     rtsv7M4_T_le_v4SPD16_eabi.lib : rand.c.obj (.data)
                  200046b0    00000004                                   : stkdepth_vars.c.obj (.data)
                  200046b4    00000004     release_pem4f.oem4f (.data:ti_sysbios_family_arm_m3_Hwi_Module_State_0_excContext__A)
                  200046b8    00000004     release_pem4f.oem4f (.data:ti_sysbios_family_arm_m3_Hwi_Module_State_0_excStack__A)
                  200046bc    00000004     release_pem4f.oem4f (.data:ti_sysbios_knl_Task_Module_State_0_idleTask__A)

.bss       0    200046c0    00000455     UNINITIALIZED
                  200046c0    00000200     release_pem4f.oem4f (.bss:taskStackSection)
                  200048c0    000000d8     (.common:ti_sysbios_family_arm_m3_Hwi_dispatchTable)
                  20004998    0000007c     (.common:pinHandleTable)
                  20004a14    00000050     drivers_cc13x2.a : PINCC26XX.oem4f (.bss:pinSemaphore)
                  20004a64    00000034                      : PINCC26XX.oem4f (.bss:pinSwi)
                  20004a98    00000020                      : GPIOCC26XX.oem4f (.bss:gpioCallbackInfo)
                  20004ab8    00000020                      : PINCC26XX.oem4f (.bss:pinGpioConfigTable)
                  20004ad8    0000001c                      : PINCC26XX.oem4f (.bss:pinHwi)
                  20004af4    0000000c                      : GPIOCC26XX.oem4f (.bss:gpioPinState)
                  20004b00    00000008                      : GPIOCC26XX.oem4f (.bss)
                  20004b08    00000004                      : PINCC26XX.oem4f (.bss)
                  20004b0c    00000004     (.common:PowerCC26XX_swiKey)
                  20004b10    00000004     (.common:PowerCC26XX_taskKey)
                  20004b14    00000001     (.common:driverlib_release_0_58048)

.stack     0    20013c00    00000400     UNINITIALIZED
                  20013c00    00000400     --HOLE--

.priheap   0    20000110    00004000     UNINITIALIZED
                  20000110    00004000     --HOLE--

.log_data 
*          0    90000000    00000000     COPY SECTION

.data:xdcRomConstPtr 
*          0    20000100    00000004     UNINITIALIZED
                  20000100    00000004     release_pem4f.oem4f (.data:xdcRomConstPtr)

.data:xdcRomExternFuncPtr 
*          0    20000104    00000004     UNINITIALIZED
                  20000104    00000004     release_pem4f.oem4f (.data:xdcRomExternFuncPtr)

.data:xdcRomStatePtr 
*          0    20000108    00000004     UNINITIALIZED
                  20000108    00000004     release_pem4f.oem4f (.data:xdcRomStatePtr)

.bootVecs 
*          0    00000000    00000008     DSECT
                  00000000    00000008     boot.aem4f : boot.oem4f (.bootVecs)

.resetVecs 
*          0    00000000    0000003c     
                  00000000    0000003c     release_pem4f.oem4f (.resetVecs)

.vecs      0    20000000    000000d8     NOLOAD SECTION
                  20000000    000000d8     release_pem4f.oem4f (.vecs)

xdc.meta   0    00000000    0000010e     COPY SECTION
                  00000000    0000010e     release_pem4f.oem4f (xdc.meta)

xdc.noload 
*          0    00000000    00000000     COPY SECTION

__llvm_prf_cnts 
*          0    20000000    00000000     UNINITIALIZED

.text      0    0000003c    00003588     
                  0000003c    000001cc     drivers_cc13x2.a : PINCC26XX.oem4f (.text:PIN_init)
                  00000208    000001b6     rtsv7M4_T_le_v4SPD16_eabi.lib : fd_add_t2.asm.obj (.text)
                  000003be    00000002     ti_drivers_config.obj (.text:Board_initHook)
                  000003c0    00000198     drivers_cc13x2.a : PowerCC26X2.oem4f (.text:Power_sleep)
                  00000558    00000190                      : PowerCC26X2_calibrateRCOSC.oem4f (.text:calibrateRcoscHf1)
                  000006e8    0000018c                      : PowerCC26X2_calibrateRCOSC.oem4f (.text:runCalibrateFsm)
                  00000874    00000188     release_pem4f.oem4f (.text:xdc_runtime_System_printfExtend__I)
                  000009fc    00000174     drivers_cc13x2.a : PowerCC26X2.oem4f (.text:Power_init)
                  00000b70    00000120                      : PowerCC26X2.oem4f (.text:configureXOSCHF)
                  00000c90    00000110                      : GPIOCC26XX.oem4f (.text:GPIO_setConfig)
                  00000da0    000000fc     rtsv7M4_T_le_v4SPD16_eabi.lib : fd_mul_t2.asm.obj (.text)
                  00000e9c    000000f8     driverlib.lib : sys_ctrl.obj (.text:NOROM_SysCtrlStandby)
                  00000f94    000000f8     drivers_cc13x2.a : PINCC26XX.oem4f (.text:PINCC26XX_setIoCfg)
                  0000108c    000000ec     rom_sysbios.aem4f : rom_sysbios.obj (.text:pthread_create)
                  00001178    000000c8     dpl_cc13x2.a : PowerCC26X2_tirtos.oem4f (.text:PowerCC26XX_standbyPolicy)
                  00001240    000000c4     drivers_cc13x2.a : GPIOCC26XX.oem4f (.text:GPIO_init)
                  00001304    000000c0                      : PowerCC26X2.oem4f (.text:Power_releaseDependency)
                  000013c4    000000b8                      : PowerCC26X2.oem4f (.text:Power_setDependency)
                  0000147c    000000ac                      : PINCC26XX.oem4f (.text:PIN_open)
                  00001528    000000ac     driverlib.lib : setup.obj (.text:TrimAfterColdResetWakeupFromShutDown)
                  000015d4    000000a0     auto_init.aem4f : auto_init.oem4f (.text)
                  00001674    000000a0     rom_sysbios.aem4f : rom_sysbios.obj (.text:ti_sysbios_knl_Task_setPri__E)
                  00001714    0000009c     rtsv7M4_T_le_v4SPD16_eabi.lib : memcpy_t2.asm.obj (.text)
                  000017b0    00000098     driverlib.lib : setup.obj (.text:NOROM_SetupTrimDevice)
                  00001848    00000096     rtsv7M4_T_le_v4SPD16_eabi.lib : ull_div_t2.asm.obj (.text)
                  000018de    00000002                                   : _lock.c.obj (.text:_nop)
                  000018e0    00000088     driverlib.lib : osc.obj (.text:NOROM_OSCHF_AttemptToSwitchToXosc)
                  00001968    00000088     rom_sysbios.aem4f : rom_sysbios.obj (.text:_pthread_removeThreadKeys)
                  000019f0    00000088     drivers_cc13x2.a : PowerCC26X2_calibrateRCOSC.oem4f (.text:calibrateRcoscHf2)
                  00001a78    00000088                      : PowerCC26X2.oem4f (.text:disableLFClockQualifiers)
                  00001b00    00000088                      : PowerCC26X2_calibrateRCOSC.oem4f (.text:updateSubSecInc)
                  00001b88    00000086     rtsv7M4_T_le_v4SPD16_eabi.lib : fd_cmp_t2.asm.obj (.text:__aeabi_cdcmple)
                  00001c0e    00000086                                   : fd_cmp_t2.asm.obj (.text:__aeabi_cdrcmple)
                  00001c94    00000084     ti_drivers_config.obj (.text:Board_sendExtFlashByte)
                  00001d18    00000084     rom_sysbios.aem4f : rom_sysbios.obj (.text:ti_sysbios_family_arm_m3_Hwi_excHandlerMin__I)
                  00001d9c    00000080     driverlib.lib : sys_ctrl.obj (.text:NOROM_SysCtrlSetRechargeBeforePowerDown)
                  00001e1c    00000080     rom_sysbios.aem4f : rom_sysbios.obj (.text:ti_sysbios_family_arm_cc26xx_Timer_start__E)
                  00001e9c    0000007a     rtsv7M4_T_le_v4SPD16_eabi.lib : memset_t2.asm.obj (.text)
                  00001f16    00000002     drivers_cc13x2.a : PowerCC26X2.oem4f (.text:emptyClockFunc)
                  00001f18    00000074                      : PowerCC26X2_calibrateRCOSC.oem4f (.text:PowerCC26X2_auxISR)
                  00001f8c    00000070                      : PINCC26XX.oem4f (.text:PIN_add)
                  00001ffc    0000006d     rom_sysbios.aem4f : rom_sysbios.obj (.text:xdc_runtime_System_formatNum__I)
                  00002069    00000001     --HOLE-- [fill = 0]
                  0000206a    00000002     rtsv7M4_T_le_v4SPD16_eabi.lib : div0.asm.obj (.text)
                  0000206c    0000006c     driverlib.lib : chipinfo.obj (.text:NOROM_ChipInfo_GetChipType)
                  000020d8    00000068                   : osc.obj (.text:NOROM_OSCHF_SwitchToRcOscTurnOffXosc)
                  00002140    00000068     rtsv7M4_T_le_v4SPD16_eabi.lib : copy_decompress_lzss.c.obj (.text:decompress:lzss:__TI_decompress_lzss)
                  000021a8    00000064     main_tirtos.obj (.text:main)
                  0000220c    00000060     drivers_cc13x2.a : GPIOCC26XX.oem4f (.text:GPIO_write)
                  0000226c    0000005c                      : PINCC26XX.oem4f (.text:PIN_remove)
                  000022c8    0000005c     rom_sysbios.aem4f : rom_sysbios.obj (.text:ti_sysbios_heaps_HeapMem_initPrimary__I)
                  00002324    0000005c     release_pem4f.oem4f (.text:xdc_runtime_Startup_getState__I)
                  00002380    00000058     drivers_cc13x2.a : PowerCC26X2_calibrateRCOSC.oem4f (.text:PowerCC26X2_initiateCalibration)
                  000023d8    00000058     boot.aem4f : boot.oem4f (.text)
                  00002430    00000058     rom_sysbios.aem4f : rom_sysbios.obj (.text:pthread_exit)
                  00002488    00000054     driverlib.lib : prcm.obj (.text:NOROM_PRCMPowerDomainsAllOff)
                  000024dc    00000054     dpl_cc13x2.a : SwiP_tirtos.oem4f (.text:SwiP_construct)
                  00002530    0000004c     ti_drivers_config.obj (.text:Board_wakeUpExtFlash)
                  0000257c    0000004c     driverlib.lib : prcm.obj (.text:NOROM_PRCMPowerDomainsAllOn)
                  000025c8    0000004c     rtsv7M4_T_le_v4SPD16_eabi.lib : cpy_tbl.c.obj (.text:copy_in)
                  00002614    00000048     drivers_cc13x2.a : PowerCC26X2_calibrateRCOSC.oem4f (.text:PowerCC26X2_RCOSC_clockFunc)
                  0000265c    00000048     rtsv7M4_T_le_v4SPD16_eabi.lib : fd_toi_t2.asm.obj (.text)
                  000026a4    00000048     drivers_cc13x2.a : PowerCC26X2.oem4f (.text:switchXOSCHF)
                  000026ec    00000044     driverlib.lib : chipinfo.obj (.text:NOROM_ChipInfo_GetHwRevision)
                  00002730    00000044     drivers_cc13x2.a : PINCC26XX.oem4f (.text:PIN_swi)
                  00002774    00000044     rtsv7M4_T_le_v4SPD16_eabi.lib : fd_tou_t2.asm.obj (.text)
                  000027b8    00000040     ti_drivers_config.obj (.text:Board_shutDownExtFlash)
                  000027f8    00000040     dpl_cc13x2.a : ClockP_tirtos.oem4f (.text:ClockP_construct)
                  00002838    00000040     driverlib.lib : osc.obj (.text:NOROM_OSC_HPOSCRelativeFrequencyOffsetGet)
                  00002878    00000040     rtsv7M4_T_le_v4SPD16_eabi.lib : u_divt2.asm.obj (.text)
                  000028b8    00000040     rom_sysbios.aem4f : rom_sysbios.obj (.text:ti_sysbios_family_arm_cc26xx_Timer_setThreshold__I)
                  000028f8    0000003e     dpl_cc13x2.a : HwiP_tirtos.oem4f (.text:HwiP_construct)
                  00002936    00000002     release_pem4f.oem4f (.text:ti_sysbios_BIOS_nullFunc__I)
                  00002938    0000003c     drivers_cc13x2.a : PINCC26XX.oem4f (.text:PIN_setOutputValue)
                  00002974    0000003c     rom_sysbios.aem4f : rom_sysbios.obj (.text:sleep)
                  000029b0    0000003c                       : rom_sysbios.obj (.text:ti_sysbios_family_arm_m3_Hwi_construct2__E)
                  000029ec    00000038     drivers_cc13x2.a : PINCC26XX.oem4f (.text:PIN_setConfig)
                  00002a24    00000038     empty.obj (.text:mainThread)
                  00002a5c    00000038     drivers_cc13x2.a : PowerCC26X2.oem4f (.text:notify)
                  00002a94    00000038     rtsv7M4_T_le_v4SPD16_eabi.lib : fs_tod_t2.asm.obj (.text)
                  00002acc    00000036     rom_sysbios.aem4f : rom_sysbios.obj (.text:ti_sysbios_family_arm_cc26xx_Timer_setNextTick__E)
                  00002b02    00000002                       : rom_sysbios.obj (.text:xdc_runtime_SysCallback_defaultAbort)
                  00002b04    00000034     drivers_cc13x2.a : GPIOCC26XX.oem4f (.text:GPIO_toggle)
                  00002b38    00000034     driverlib.lib : aux_sysif.obj (.text:NOROM_AUXSYSIFOpModeChange)
                  00002b6c    00000034                   : sys_ctrl.obj (.text:NOROM_SysCtrlIdle)
                  00002ba0    00000034     rtsv7M4_T_le_v4SPD16_eabi.lib : rand.c.obj (.text:rand)
                  00002bd4    00000030     drivers_cc13x2.a : GPIOCC26XX.oem4f (.text:GPIO_hwiIntFxn)
                  00002c04    00000030                      : GPIOCC26XX.oem4f (.text:GPIO_setCallback)
                  00002c34    00000030                      : PowerCC26X2.oem4f (.text:Power_releaseConstraint)
                  00002c64    00000030                      : PowerCC26X2.oem4f (.text:Power_setConstraint)
                  00002c94    00000030     release_pem4f.oem4f (.text:ti_sysbios_BIOS_atExitFunc__I)
                  00002cc4    00000030     release_pem4f.oem4f (.text:ti_sysbios_BIOS_startFunc__I)
                  00002cf4    00000030     rom_sysbios.aem4f : rom_sysbios.obj (.text:ti_sysbios_family_arm_cc26xx_Timer_getCurrentTick__E)
                  00002d24    00000030                       : rom_sysbios.obj (.text:ti_sysbios_family_arm_cc26xx_Timer_initDevice__I)
                  00002d54    0000002e     rtsv7M4_T_le_v4SPD16_eabi.lib : i_tofd_t2.asm.obj (.text)
                  00002d82    0000002c     dpl_cc13x2.a : SemaphoreP_tirtos.oem4f (.text:SemaphoreP_constructBinary)
                  00002dae    00000002     rom_sysbios.aem4f : rom_sysbios.obj (.text:xdc_runtime_SysCallback_defaultExit)
                  00002db0    0000002c     dpl_cc13x2.a : SemaphoreP_tirtos.oem4f (.text:SemaphoreP_createBinary)
                  00002ddc    0000002c     rom_sysbios.aem4f : rom_sysbios.obj (.text:_pthread_delete$45)
                  00002e08    0000002c                       : rom_sysbios.obj (.text:pthread_setcancelstate)
                  00002e34    0000002c                       : rom_sysbios.obj (.text:ti_sysbios_knl_Clock_getTicksUntilInterrupt__E)
                  00002e60    00000028     drivers_cc13x2.a : PowerCC26X2.oem4f (.text:oscillatorISR)
                  00002e88    00000024     driverlib.lib : osc.obj (.text:NOROM_OSCHF_TurnOnXosc)
                  00002eac    00000024     rom_sysbios.aem4f : rom_sysbios.obj (.text:_pthread_cleanupFxn)
                  00002ed0    00000024     drivers_cc13x2.a : PowerCC26X2_calibrateRCOSC.oem4f (.text:getTdcSemaphore)
                  00002ef4    00000024     rom_sysbios.aem4f : rom_sysbios.obj (.text:pthread_attr_init)
                  00002f18    00000024     release_pem4f.oem4f (.text:ti_sysbios_BIOS_registerRTSLock__I)
                  00002f3c    00000024     release_pem4f.oem4f (.text:ti_sysbios_BIOS_removeRTSLock__I)
                  00002f60    00000024     rom_sysbios.aem4f : rom_sysbios.obj (.text:ti_sysbios_family_arm_cc26xx_Timer_getMaxTicks__E)
                  00002f84    00000020     ti_drivers_config.obj (.text:Board_init)
                  00002fa4    00000020     drivers_cc13x2.a : PINCC26XX.oem4f (.text:PINCC26XX_setIoCfgMux)
                  00002fc4    00000020     empty.obj (.text:my_rend)
                  00002fe4    00000020     release_pem4f.oem4f (.text:ti_sysbios_BIOS_rtsLock__I)
                  00003004    00000020     rom_sysbios.aem4f : rom_sysbios.obj (.text:ti_sysbios_family_arm_cc26xx_Timer_dynamicStub__E)
                  00003024    00000020                       : rom_sysbios.obj (.text:xdc_runtime_Error_policyMin__E)
                  00003044    0000001e     drivers_cc13x2.a : PINCC26XX.oem4f (.text:PIN_close)
                  00003062    0000001e                      : PowerCC26X2.oem4f (.text:Power_getTransitionLatency)
                  00003080    0000001c     driverlib.lib : chipinfo.obj (.text:NOROM_ChipInfo_GetChipFamily)
                  0000309c    0000001c     drivers_cc13x2.a : PINCC26XX.oem4f (.text:PIN_hwi)
                  000030b8    0000001c     dpl_cc13x2.a : PowerCC26X2_tirtos.oem4f (.text:PowerCC26XX_schedulerDisable)
                  000030d4    0000001c                  : PowerCC26X2_tirtos.oem4f (.text:PowerCC26XX_schedulerRestore)
                  000030f0    0000001c     rom_sysbios.aem4f : rom_sysbios.obj (.text:ti_sysbios_knl_Swi_construct2__E)
                  0000310c    0000001c     release_pem4f.oem4f (.text:xdc_runtime_Startup_exec__I)
                  00003128    0000001a     drivers_cc13x2.a : PowerCC26X2.oem4f (.text:PowerCC26XX_calibrate)
                  00003142    00000002     rom_sysbios.aem4f : rom_sysbios.obj (.text:xdc_runtime_SysCallback_defaultFlush)
                  00003144    00000018     driverlib.lib : chipinfo.obj (.text:NOROM_ChipInfo_GetPackageType)
                  0000315c    00000018     drivers_cc13x2.a : PowerCC26X2.oem4f (.text:Power_idleFunc)
                  00003174    00000018     rtsv7M4_T_le_v4SPD16_eabi.lib : args_main.c.obj (.text:_args_main)
                  0000318c    00000018                                   : ll_mul_t2.asm.obj (.text)
                  000031a4    00000018     drivers_cc13x2.a : PowerCC26X2.oem4f (.text:switchToTCXO)
                  000031bc    00000018     release_pem4f.oem4f (.text:ti_sysbios_BIOS_rtsUnlock__I)
                  000031d4    00000018     rom_sysbios.aem4f : rom_sysbios.obj (.text:ti_sysbios_knl_Swi_or__E)
                  000031ec    00000018                       : rom_sysbios.obj (.text:xdc_runtime_Error_init__E)
                  00003204    00000016     driverlib.lib : chipinfo.obj (.text:NOROM_ThisLibraryIsFor_CC13x2_CC26x2_HwRev20AndLater_HaltIfViolated)
                  0000321a    00000016     rom_sysbios.aem4f : rom_sysbios.obj (.text:_pthread_cleanup_pop)
                  00003230    00000016     release_pem4f.oem4f (.text:ti_sysbios_BIOS_exitFunc__I)
                  00003246    00000014     drivers_cc13x2.a : PowerCC26X2_calibrateRCOSC.oem4f (.text:PowerCC26X2_calibrate)
                  0000325a    00000014     rom_sysbios.aem4f : rom_sysbios.obj (.text:pthread_attr_setschedparam)
                  0000326e    00000002                       : rom_sysbios.obj (.text:xdc_runtime_SysCallback_defaultPutch)
                  00003270    00000014                       : rom_sysbios.obj (.text:ti_sysbios_family_arm_cc26xx_Timer_getCount64__E)
                  00003284    00000014     release_pem4f.oem4f (.text:ti_sysbios_knl_Clock_doTick__I)
                  00003298    00000012     dpl_cc13x2.a : SemaphoreP_tirtos.oem4f (.text:SemaphoreP_pend)
                  000032aa    00000012     rom_sysbios.aem4f : rom_sysbios.obj (.text:_pthread_runStub$45)
                  000032bc    00000010     dpl_cc13x2.a : HwiP_tirtos.oem4f (.text:HwiP_Params_init)
                  000032cc    00000010     drivers_cc13x2.a : PINCC26XX.oem4f (.text:PINCC26XX_getPinCount)
                  000032dc    00000010     dpl_cc13x2.a : SwiP_tirtos.oem4f (.text:SwiP_Params_init)
                  000032ec    0000000e     rtsv7M4_T_le_v4SPD16_eabi.lib : copy_decompress_none.c.obj (.text:decompress:none:__TI_decompress_none)
                  000032fa    0000000e     rom_sysbios.aem4f : rom_sysbios.obj (.text:pthread_attr_setdetachstate)
                  00003308    0000000e                       : rom_sysbios.obj (.text:ti_sysbios_family_arm_cc26xx_TimestampProvider_get32__E)
                  00003316    00000002     --HOLE-- [fill = 0]
                  00003318    0000000c     dpl_cc13x2.a : ClockP_tirtos.oem4f (.text:ClockP_getSystemTickPeriod)
                  00003324    0000000c     driverlib.lib : cpu.obj (.text:NOROM_CPUcpsid)
                  00003330    0000000c                   : cpu.obj (.text:NOROM_CPUcpsie)
                  0000333c    0000000c     drivers_cc13x2.a : PINCC26XX.oem4f (.text:PIN_registerIntCb)
                  00003348    0000000c                      : PowerCC26X2.oem4f (.text:Power_getConstraintMask)
                  00003354    0000000c                      : PowerCC26X2.oem4f (.text:Power_getDependencyCount)
                  00003360    0000000c     dpl_cc13x2.a : SemaphoreP_tirtos.oem4f (.text:SemaphoreP_delete)
                  0000336c    0000000c     rtsv7M4_T_le_v4SPD16_eabi.lib : _lock.c.obj (.text:_register_lock)
                  00003378    0000000c                                   : _lock.c.obj (.text:_register_unlock)
                  00003384    0000000c                                   : copy_zero_init.c.obj (.text:decompress:ZI:__TI_zero_init)
                  00003390    0000000c     rom_sysbios.aem4f : rom_sysbios.obj (.text:pthread_self)
                  0000339c    0000000c                       : rom_sysbios.obj (.text:ti_sysbios_knl_Queue_insert__E)
                  000033a8    0000000c                       : rom_sysbios.obj (.text:ti_sysbios_knl_Swi_getTrigger__E)
                  000033b4    0000000a     dpl_cc13x2.a : ClockP_tirtos.oem4f (.text:ClockP_Params_init)
                  000033be    00000008     release_pem4f.oem4f (.text:xdc_runtime_Text_visitRope__I)
                  000033c6    00000006     driverlib.lib : cpu.obj (.text:NOROM_CPUdelay)
                  000033cc    00000006     drivers_cc13x2.a : PowerCC26X2.oem4f (.text:delayUs)
                  000033d2    00000006     rom_sysbios.aem4f : rom_sysbios.obj (.text:pthread_attr_setstacksize)
                  000033d8    00000004     dpl_cc13x2.a : PowerCC26X2_tirtos.oem4f (.text:CPUwfi)
                  000033dc    00000004                  : ClockP_tirtos.oem4f (.text:ClockP_start)
                  000033e0    00000004                  : ClockP_tirtos.oem4f (.text:ClockP_stop)
                  000033e4    00000004                  : HwiP_tirtos.oem4f (.text:HwiP_disable)
                  000033e8    00000004                  : SemaphoreP_tirtos.oem4f (.text:SemaphoreP_post)
                  000033ec    00000004                  : SwiP_tirtos.oem4f (.text:SwiP_getTrigger)
                  000033f0    00000004                  : SwiP_tirtos.oem4f (.text:SwiP_or)
                  000033f4    00000004     drivers_cc13x2.a : PowerCC26X2.oem4f (.text:configureRFCoreClocks)
                  000033f8    00000004                      : PowerCC26X2.oem4f (.text:nopResourceHandler)
                  000033fc    00000004     rom_sysbios.aem4f : rom_sysbios.obj (.text:ti_sysbios_knl_Task_getArg1__E)
                  00003400    00000004                       : rom_sysbios.obj (.text:ti_sysbios_knl_Task_getEnv__E)
                  00003404    00000004     release_pem4f.oem4f (.text:xdc_runtime_Startup_reset__I)
                  00003408    00000004     rom_sysbios.aem4f : rom_sysbios.obj (.text:xdc_runtime_SysCallback_defaultReady)
                  0000340c    00000008     (.tramp.ti_sysbios_family_arm_m3_Hwi_disableFxn__E.1)
                  00003414    00000008     (.tramp.ti_sysbios_knl_Task_self__E.1)
                  0000341c    00000008     (.tramp.ti_sysbios_knl_Semaphore_delete.1)
                  00003424    00000008     (.tramp.ti_sysbios_knl_Clock_logTick__E.1)
                  0000342c    00000008     (.tramp.ti_sysbios_knl_Swi_post__E.1)
                  00003434    00000008     (.tramp.ti_sysbios_BIOS_RtsGateProxy_leave__E.1)
                  0000343c    00000008     (.tramp.ti_sysbios_knl_Swi_construct.1)
                  00003444    00000008     (.tramp.ti_sysbios_knl_Swi_restore__E.1)
                  0000344c    00000008     (.tramp.ti_sysbios_BIOS_RtsGateProxy_enter__E.1)
                  00003454    00000008     (.tramp.ti_sysbios_knl_Clock_TimerProxy_getCurrentTick__E.1)
                  0000345c    00000008     (.tramp.ti_sysbios_knl_Task_delete.1)
                  00003464    00000008     (.tramp.ti_sysbios_knl_Semaphore_destruct.1)
                  0000346c    00000008     (.tramp.ti_sysbios_knl_Semaphore_create.1)
                  00003474    00000008     (.tramp.ti_sysbios_knl_Task_startup__E.1)
                  0000347c    00000008     (.tramp.ti_sysbios_knl_Swi_startup__E.1)
                  00003484    00000008     (.tramp.ti_sysbios_hal_Hwi_startup__E.1)
                  0000348c    00000008     (.tramp.ti_sysbios_family_arm_cc26xx_Timer_startup__E.1)
                  00003494    00000008     (.tramp.xdc_runtime_System_atexit__E.1)
                  0000349c    00000008     (.tramp.ti_sysbios_BIOS_linkedWithIncorrectBootLibrary__E.1)
                  000034a4    00000008     (.tramp.xdc_runtime_Startup_rtsDone__E.1)
                  000034ac    00000008     (.tramp.ti_sysbios_knl_Swi_disable__E.1)
                  000034b4    00000008     (.tramp.ti_sysbios_family_arm_m3_Hwi_construct.1)
                  000034bc    00000008     (.tramp.ti_sysbios_knl_Task_sleep__E.1)
                  000034c4    00000008     (.tramp.ti_sysbios_family_arm_m3_Hwi_Params__init__S.1)
                  000034cc    00000008     (.tramp.ti_sysbios_knl_Clock_construct.1)
                  000034d4    00000008     (.tramp.ti_sysbios_knl_Clock_Params__init__S.1)
                  000034dc    00000008     (.tramp.ti_sysbios_knl_Swi_Params__init__S.1)
                  000034e4    00000008     (.tramp.xdc_runtime_System_exit__E.1)
                  000034ec    00000008     (.tramp.ti_sysbios_heaps_HeapMem_restore__E.1)
                  000034f4    00000008     (.tramp.ti_sysbios_heaps_HeapMem_Object__get__S.1)
                  000034fc    00000008     (.tramp.ti_sysbios_BIOS_start__E.1)
                  00003504    00000008     (.tramp.xdc_runtime_Error_raiseX__E.1)
                  0000350c    00000008     (.tramp.ti_sysbios_BIOS_setThreadType__E.1)
                  00003514    00000008     (.tramp.ti_sysbios_family_arm_m3_Hwi_excFillContext__I.1)
                  0000351c    00000008     (.tramp.ti_sysbios_knl_Semaphore_post__E.1)
                  00003524    00000008     (.tramp.xdc_runtime_Memory_free__E.1)
                  0000352c    00000008     (.tramp.ti_sysbios_knl_Queue_next__E.1)
                  00003534    00000008     (.tramp.ti_sysbios_knl_Queue_head__E.1)
                  0000353c    00000008     (.tramp.ti_sysbios_knl_Semaphore_pend__E.1)
                  00003544    00000008     (.tramp.ti_sysbios_knl_Task_restore__E.1)
                  0000354c    00000008     (.tramp.ti_sysbios_knl_Queue_enqueue__E.1)
                  00003554    00000008     (.tramp.ti_sysbios_knl_Queue_empty__E.1)
                  0000355c    00000008     (.tramp.ti_sysbios_knl_Queue_remove__E.1)
                  00003564    00000008     (.tramp.ti_sysbios_knl_Task_disable__E.1)
                  0000356c    00000008     (.tramp.ti_sysbios_knl_Clock_stop__E.1)
                  00003574    00000008     (.tramp.ti_sysbios_knl_Clock_start__E.1)
                  0000357c    00000008     (.tramp.ti_sysbios_knl_Clock_setTimeout__E.1)
                  00003584    00000008     (.tramp.ti_sysbios_knl_Task_create.1)
                  0000358c    00000008     (.tramp.ti_sysbios_knl_Semaphore_construct.1)
                  00003594    00000008     (.tramp.ti_sysbios_knl_Semaphore_Params__init__S.1)
                  0000359c    00000008     (.tramp.ti_sysbios_knl_Queue_construct.1)
                  000035a4    00000008     (.tramp.xdc_runtime_Memory_alloc__E.1)
                  000035ac    00000008     (.tramp.ti_sysbios_knl_Task_Params__init__S.1)
                  000035b4    00000008     (.tramp.ti_sysbios_family_arm_m3_Hwi_restoreFxn__E.1)
                  000035bc    00000008     (.tramp.xdc_runtime_System_doPrint__I.1)

.const     0    000035c4    000005a0     
                  000035c4    000003b8     release_pem4f.oem4f (.const:ROM_constStruct)
                  0000397c    00000054     drivers_cc13x2.a : PowerCC26X2.oem4f (.const:resourceDB)
                  000039d0    00000048     release_pem4f.oem4f (.const:.string)
                  00003a18    00000048     release_pem4f.oem4f (.const:ROM_externFuncPtrs)
                  00003a60    00000024     release_pem4f.oem4f (.const:xdc_runtime_Startup_sfxnTab__A)
                  00003a84    00000018     drivers_cc13x2.a : GPIOCC26XX.oem4f (.const:interruptType)
                  00003a9c    00000014     ti_drivers_config.obj (.const:$P$T1$2)
                  00003ab0    00000014     ti_drivers_config.obj (.const:GPIOCC26XX_config)
                  00003ac4    00000014     ti_drivers_config.obj (.const:PowerCC26X2_config)
                  00003ad8    00000012     release_pem4f.oem4f (.const:xdc_runtime_Startup_sfxnRts__A)
                  00003aea    00000001     release_pem4f.oem4f (.const:xdc_runtime_Text_charTab__A)
                  00003aeb    00000001     --HOLE-- [fill = 0]
                  00003aec    00000010     drivers_cc13x2.a : GPIOCC26XX.oem4f (.const:outPinTypes)
                  00003afc    0000000c                      : GPIOCC26XX.oem4f (.const:inPinTypes)
                  00003b08    0000000c                      : GPIOCC26XX.oem4f (.const:outPinStrengths)
                  00003b14    0000000c     release_pem4f.oem4f (.const:xdc_runtime_Startup_firstFxns__A)
                  00003b20    00000008     driverlib.lib : aux_sysif.obj (.const:$O1$$)
                  00003b28    00000008     ti_drivers_config.obj (.const:$P$T0$1)
                  00003b30    00000008     ti_drivers_config.obj (.const:BoardGpioInitTable)
                  00003b38    00000008     ti_drivers_config.obj (.const:PINCC26XX_hwAttrs)
                  00003b40    00000008     release_pem4f.oem4f (.const:ti_sysbios_family_arm_m3_Hwi_excHookFuncs__A)
                  00003b48    00000008     release_pem4f.oem4f (.const:ti_sysbios_knl_Idle_funcList__A)
                  00003b50    00000004     release_pem4f.oem4f (.const:ti_sysbios_family_arm_m3_Hwi_E_exception__C)
                  00003b54    00000004     release_pem4f.oem4f (.const:ti_sysbios_heaps_HeapMem_primaryHeapBaseAddr__C)
                  00003b58    00000004     release_pem4f.oem4f (.const:ti_sysbios_heaps_HeapMem_primaryHeapEndAddr__C)
                  00003b5c    00000004     release_pem4f.oem4f (.const:ti_sysbios_knl_Clock_tickPeriod__C)
                  00003b60    00000004     release_pem4f.oem4f (.const:ti_sysbios_knl_Task_Object__heap__C)

MODULE SUMMARY

       Module                             code    ro data   rw data
       ------                             ----    -------   -------
    ./
       main_tirtos.obj                    100     0         0      
       empty.obj                          88      0         0      
    +--+----------------------------------+-------+---------+---------+
       Total:                             188     0         0      
                                                                   
    ./syscfg/
       ti_drivers_config.obj              306     84        8      
       ti_devices_config.obj              0       88        0      
    +--+----------------------------------+-------+---------+---------+
       Total:                             306     172       8      
                                                                   
    /Volumes/Storage/shared/mdannyk/ti/ccs1011/tirtos_builds_cc13x2_cc26x2_release_ccs/Debug/configPkg/package/cfg/
       release_pem4f.oem4f                792     1259      1830   
    +--+----------------------------------+-------+---------+---------+
       Total:                             792     1259      1830   
                                                                   
    /Volumes/Storage/shared/mdannyk/ti/ccs1011/ccs/tools/compiler/ti-cgt-arm_20.2.1.LTS/lib/rtsv7M4_T_le_v4SPD16_eabi.lib
       fd_add_t2.asm.obj                  438     0         0      
       fd_cmp_t2.asm.obj                  268     0         0      
       fd_mul_t2.asm.obj                  252     0         0      
       memcpy_t2.asm.obj                  156     0         0      
       ull_div_t2.asm.obj                 150     0         0      
       memset_t2.asm.obj                  122     0         0      
       copy_decompress_lzss.c.obj         104     0         0      
       cpy_tbl.c.obj                      76      0         0      
       fd_toi_t2.asm.obj                  72      0         0      
       fd_tou_t2.asm.obj                  68      0         0      
       u_divt2.asm.obj                    64      0         0      
       fs_tod_t2.asm.obj                  56      0         0      
       rand.c.obj                         52      0         4      
       i_tofd_t2.asm.obj                  46      0         0      
       _lock.c.obj                        26      0         8      
       args_main.c.obj                    24      0         0      
       ll_mul_t2.asm.obj                  24      0         0      
       copy_decompress_none.c.obj         14      0         0      
       copy_zero_init.c.obj               12      0         0      
       stkdepth_vars.c.obj                0       0         4      
       div0.asm.obj                       2       0         0      
    +--+----------------------------------+-------+---------+---------+
       Total:                             2026    0         16     
                                                                   
    /Volumes/Storage/shared/mdannyk/ti/ccs1011/simplelink_cc13x2_26x2_sdk_4_30_00_54/kernel/tirtos/packages/ti/dpl/lib/ccs/m4f/dpl_cc13x2.a
       PowerCC26X2_tirtos.oem4f           260     0         8      
       SemaphoreP_tirtos.oem4f            122     0         0      
       SwiP_tirtos.oem4f                  108     0         0      
       ClockP_tirtos.oem4f                94      0         0      
       HwiP_tirtos.oem4f                  82      0         0      
    +--+----------------------------------+-------+---------+---------+
       Total:                             666     0         8      
                                                                   
    /Volumes/Storage/shared/mdannyk/ti/ccs1011/simplelink_cc13x2_26x2_sdk_4_30_00_54/kernel/tirtos/packages/ti/targets/arm/rtsarm/lib/auto_init.aem4f
       auto_init.oem4f                    160     0         0      
    +--+----------------------------------+-------+---------+---------+
       Total:                             160     0         0      
                                                                   
    /Volumes/Storage/shared/mdannyk/ti/ccs1011/simplelink_cc13x2_26x2_sdk_4_30_00_54/kernel/tirtos/packages/ti/targets/arm/rtsarm/lib/boot.aem4f
       boot.oem4f                         88      0         0      
    +--+----------------------------------+-------+---------+---------+
       Total:                             88      0         0      
                                                                   
    /Volumes/Storage/shared/mdannyk/ti/ccs1011/simplelink_cc13x2_26x2_sdk_4_30_00_54/source/ti/devices/cc13x2_cc26x2/driverlib/bin/ccs/driverlib.lib
       sys_ctrl.obj                       428     0         0      
       osc.obj                            340     0         36     
       setup.obj                          324     0         0      
       chipinfo.obj                       250     0         0      
       prcm.obj                           160     0         0      
       aux_sysif.obj                      52      8         0      
       cpu.obj                            30      0         0      
       driverlib_release.obj              0       0         1      
    +--+----------------------------------+-------+---------+---------+
       Total:                             1584    8         37     
                                                                   
    /Volumes/Storage/shared/mdannyk/ti/ccs1011/simplelink_cc13x2_26x2_sdk_4_30_00_54/source/ti/drivers/lib/ccs/m4f/drivers_cc13x2.a
       PowerCC26X2.oem4f                  1988    84        368    
       PINCC26XX.oem4f                    1386    0         328    
       PowerCC26X2_calibrateRCOSC.oem4f   1400    0         0      
       GPIOCC26XX.oem4f                   712     64        61     
    +--+----------------------------------+-------+---------+---------+
       Total:                             5486    148       757    
                                                                   
    /Volumes/Storage/shared/mdannyk/ti/ccs1011/tirtos_builds_cc13x2_cc26x2_release_ccs/src/sysbios/rom_sysbios.aem4f
       rom_sysbios.obj                    1965    0         136    
    +--+----------------------------------+-------+---------+---------+
       Total:                             1965    0         136    
                                                                   
       Stack:                             0       0         1024   
       Linker Generated:                  440     470       0      
    +--+----------------------------------+-------+---------+---------+
       Grand Total:                       13701   2057      3816   


LINKER GENERATED COPY TABLES

__TI_cinit_table @ 00003d18 records: 5, size/record: 8, table size: 40
	.data: load addr=00003b68, load size=00000182 bytes, run addr=20004110, run size=000005b0 bytes, compression=lzss
	.bss: load addr=00003cf8, load size=00000008 bytes, run addr=200046c0, run size=00000455 bytes, compression=zero_init
	.data:xdcRomConstPtr: load addr=00003d00, load size=00000008 bytes, run addr=20000100, run size=00000004 bytes, compression=lzss
	.data:xdcRomExternFuncPtr: load addr=00003d08, load size=00000008 bytes, run addr=20000104, run size=00000004 bytes, compression=lzss
	.data:xdcRomStatePtr: load addr=00003d10, load size=00000008 bytes, run addr=20000108, run size=00000004 bytes, compression=lzss


LINKER GENERATED HANDLER TABLE

__TI_handler_table @ 00003cec records: 3, size/record: 4, table size: 12
	index: 0, handler: __TI_decompress_lzss
	index: 1, handler: __TI_decompress_none
	index: 2, handler: __TI_zero_init


FAR CALL TRAMPOLINES

callee name               trampoline name
   callee addr  tramp addr   call addr  call info
--------------  -----------  ---------  ----------------
ti_sysbios_family_arm_m3_Hwi_disableFxn__E  $Tramp$TT$L$PI$$ti_sysbios_family_arm_m3_Hwi_disableFxn__E
   1002eb55     0000340c     000033e4   dpl_cc13x2.a : HwiP_tirtos.oem4f (.text:HwiP_disable)
ti_sysbios_knl_Task_self__E  $Tramp$TT$L$PI$$ti_sysbios_knl_Task_self__E
   1002eaf5     00003414     00003392   rom_sysbios.aem4f : rom_sysbios.obj (.text:pthread_self)
ti_sysbios_knl_Semaphore_delete  $Tramp$TT$L$PI$$ti_sysbios_knl_Semaphore_delete
   1002ecdb     0000341c     00003366   dpl_cc13x2.a : SemaphoreP_tirtos.oem4f (.text:SemaphoreP_delete)
ti_sysbios_knl_Clock_logTick__E  $Tramp$TT$L$PI$$ti_sysbios_knl_Clock_logTick__E
   1002dbd7     00003424     00003286   release_pem4f.oem4f (.text:ti_sysbios_knl_Clock_doTick__I)
ti_sysbios_knl_Swi_post__E  $Tramp$TT$L$PI$$ti_sysbios_knl_Swi_post__E
   1002d891     0000342c     000031e8   rom_sysbios.aem4f : rom_sysbios.obj (.text:ti_sysbios_knl_Swi_or__E)
                             0000328e   release_pem4f.oem4f (.text:ti_sysbios_knl_Clock_doTick__I)
ti_sysbios_BIOS_RtsGateProxy_leave__E  $Tramp$TT$L$PI$$ti_sysbios_BIOS_RtsGateProxy_leave__E
   1002ec7b     00003434     000031ca   release_pem4f.oem4f (.text:ti_sysbios_BIOS_rtsUnlock__I)
ti_sysbios_knl_Swi_construct  $Tramp$TT$L$PI$$ti_sysbios_knl_Swi_construct
   1002d719     0000343c     000030f6   rom_sysbios.aem4f : rom_sysbios.obj (.text:ti_sysbios_knl_Swi_construct2__E)
ti_sysbios_knl_Swi_restore__E  $Tramp$TT$L$PI$$ti_sysbios_knl_Swi_restore__E
   1002db61     00003444     000030da   dpl_cc13x2.a : PowerCC26X2_tirtos.oem4f (.text:PowerCC26XX_schedulerRestore)
ti_sysbios_BIOS_RtsGateProxy_enter__E  $Tramp$TT$L$PI$$ti_sysbios_BIOS_RtsGateProxy_enter__E
   1002ec77     0000344c     00002fea   release_pem4f.oem4f (.text:ti_sysbios_BIOS_rtsLock__I)
ti_sysbios_knl_Clock_TimerProxy_getCurrentTick__E  $Tramp$TT$L$PI$$ti_sysbios_knl_Clock_TimerProxy_getCurrentTick__E
   1002eac5     00003454     00002e46   rom_sysbios.aem4f : rom_sysbios.obj (.text:ti_sysbios_knl_Clock_getTicksUntilInterrupt__E)
ti_sysbios_knl_Task_delete  $Tramp$TT$L$PI$$ti_sysbios_knl_Task_delete
   1002ece7     0000345c     00002df0   rom_sysbios.aem4f : rom_sysbios.obj (.text:_pthread_delete$45)
ti_sysbios_knl_Semaphore_destruct  $Tramp$TT$L$PI$$ti_sysbios_knl_Semaphore_destruct
   1002e6fd     00003464     00002de4   rom_sysbios.aem4f : rom_sysbios.obj (.text:_pthread_delete$45)
ti_sysbios_knl_Semaphore_create  $Tramp$TT$L$PI$$ti_sysbios_knl_Semaphore_create
   1002dc49     0000346c     00002dd0   dpl_cc13x2.a : SemaphoreP_tirtos.oem4f (.text:SemaphoreP_createBinary)
ti_sysbios_knl_Task_startup__E  $Tramp$TT$L$PI$$ti_sysbios_knl_Task_startup__E
   1002eceb     00003474     00002ce8   release_pem4f.oem4f (.text:ti_sysbios_BIOS_startFunc__I)
ti_sysbios_knl_Swi_startup__E  $Tramp$TT$L$PI$$ti_sysbios_knl_Swi_startup__E
   1002ec6b     0000347c     00002ce4   release_pem4f.oem4f (.text:ti_sysbios_BIOS_startFunc__I)
ti_sysbios_hal_Hwi_startup__E  $Tramp$TT$L$PI$$ti_sysbios_hal_Hwi_startup__E
   1002ec31     00003484     00002ce0   release_pem4f.oem4f (.text:ti_sysbios_BIOS_startFunc__I)
ti_sysbios_family_arm_cc26xx_Timer_startup__E  $Tramp$TT$L$PI$$ti_sysbios_family_arm_cc26xx_Timer_startup__E
   1002dcf1     0000348c     00002cdc   release_pem4f.oem4f (.text:ti_sysbios_BIOS_startFunc__I)
xdc_runtime_System_atexit__E  $Tramp$TT$L$PI$$xdc_runtime_System_atexit__E
   1002f559     00003494     00002cd4   release_pem4f.oem4f (.text:ti_sysbios_BIOS_startFunc__I)
ti_sysbios_BIOS_linkedWithIncorrectBootLibrary__E  $Tramp$TT$L$PI$$ti_sysbios_BIOS_linkedWithIncorrectBootLibrary__E
   1002d01b     0000349c     00002cce   release_pem4f.oem4f (.text:ti_sysbios_BIOS_startFunc__I)
xdc_runtime_Startup_rtsDone__E  $Tramp$TT$L$PI$$xdc_runtime_Startup_rtsDone__E
   1002f8e5     000034a4     00002cc6   release_pem4f.oem4f (.text:ti_sysbios_BIOS_startFunc__I)
ti_sysbios_knl_Swi_disable__E  $Tramp$TT$L$PI$$ti_sysbios_knl_Swi_disable__E
   1002ea25     000034ac     00002c96   release_pem4f.oem4f (.text:ti_sysbios_BIOS_atExitFunc__I)
                             000030c2   dpl_cc13x2.a : PowerCC26X2_tirtos.oem4f (.text:PowerCC26XX_schedulerDisable)
ti_sysbios_family_arm_m3_Hwi_construct  $Tramp$TT$L$PI$$ti_sysbios_family_arm_m3_Hwi_construct
   1002d421     000034b4     000029ca   rom_sysbios.aem4f : rom_sysbios.obj (.text:ti_sysbios_family_arm_m3_Hwi_construct2__E)
ti_sysbios_knl_Task_sleep__E  $Tramp$TT$L$PI$$ti_sysbios_knl_Task_sleep__E
   1002ce01     000034bc     0000299e   rom_sysbios.aem4f : rom_sysbios.obj (.text:sleep)
ti_sysbios_family_arm_m3_Hwi_Params__init__S  $Tramp$TT$L$PI$$ti_sysbios_family_arm_m3_Hwi_Params__init__S
   1002eb49     000034c4     00002914   dpl_cc13x2.a : HwiP_tirtos.oem4f (.text:HwiP_construct)
ti_sysbios_knl_Clock_construct  $Tramp$TT$L$PI$$ti_sysbios_knl_Clock_construct
   1002dd8d     000034cc     0000282e   dpl_cc13x2.a : ClockP_tirtos.oem4f (.text:ClockP_construct)
ti_sysbios_knl_Clock_Params__init__S  $Tramp$TT$L$PI$$ti_sysbios_knl_Clock_Params__init__S
   1002eb9d     000034d4     00002814   dpl_cc13x2.a : ClockP_tirtos.oem4f (.text:ClockP_construct)
ti_sysbios_knl_Swi_Params__init__S  $Tramp$TT$L$PI$$ti_sysbios_knl_Swi_Params__init__S
   1002ebf1     000034dc     00002506   dpl_cc13x2.a : SwiP_tirtos.oem4f (.text:SwiP_construct)
xdc_runtime_System_exit__E  $Tramp$TT$L$PI$$xdc_runtime_System_exit__E
   1002f7b1     000034e4     00002418   boot.aem4f : boot.oem4f (.text)
                             00003240   release_pem4f.oem4f (.text:ti_sysbios_BIOS_exitFunc__I)
ti_sysbios_heaps_HeapMem_restore__E  $Tramp$TT$L$PI$$ti_sysbios_heaps_HeapMem_restore__E
   1002eb13     000034ec     0000230c   rom_sysbios.aem4f : rom_sysbios.obj (.text:ti_sysbios_heaps_HeapMem_initPrimary__I)
ti_sysbios_heaps_HeapMem_Object__get__S  $Tramp$TT$L$PI$$ti_sysbios_heaps_HeapMem_Object__get__S
   1002e275     000034f4     000022dc   rom_sysbios.aem4f : rom_sysbios.obj (.text:ti_sysbios_heaps_HeapMem_initPrimary__I)
ti_sysbios_BIOS_start__E  $Tramp$TT$L$PI$$ti_sysbios_BIOS_start__E
   1002eaa5     000034fc     000021fe   main_tirtos.obj (.text:main)
xdc_runtime_Error_raiseX__E  $Tramp$TT$L$PI$$xdc_runtime_Error_raiseX__E
   1002f739     00003504     00001d7a   rom_sysbios.aem4f : rom_sysbios.obj (.text:ti_sysbios_family_arm_m3_Hwi_excHandlerMin__I)
ti_sysbios_BIOS_setThreadType__E  $Tramp$TT$L$PI$$ti_sysbios_BIOS_setThreadType__E
   1002ea11     0000350c     00001d3a   rom_sysbios.aem4f : rom_sysbios.obj (.text:ti_sysbios_family_arm_m3_Hwi_excHandlerMin__I)
                             00002ca0   release_pem4f.oem4f (.text:ti_sysbios_BIOS_atExitFunc__I)
                             0000323a   release_pem4f.oem4f (.text:ti_sysbios_BIOS_exitFunc__I)
ti_sysbios_family_arm_m3_Hwi_excFillContext__I  $Tramp$TT$L$PI$$ti_sysbios_family_arm_m3_Hwi_excFillContext__I
   1002bda9     00003514     00001d34   rom_sysbios.aem4f : rom_sysbios.obj (.text:ti_sysbios_family_arm_m3_Hwi_excHandlerMin__I)
ti_sysbios_knl_Semaphore_post__E  $Tramp$TT$L$PI$$ti_sysbios_knl_Semaphore_post__E
   1002cd21     0000351c     000019d6   rom_sysbios.aem4f : rom_sysbios.obj (.text:_pthread_removeThreadKeys)
                             00002460                     : rom_sysbios.obj (.text:pthread_exit)
                             000033e8   dpl_cc13x2.a : SemaphoreP_tirtos.oem4f (.text:SemaphoreP_post)
xdc_runtime_Memory_free__E  $Tramp$TT$L$PI$$xdc_runtime_Memory_free__E
   1002f81d     00003524     000019cc   rom_sysbios.aem4f : rom_sysbios.obj (.text:_pthread_removeThreadKeys)
                             00002dfc                     : rom_sysbios.obj (.text:_pthread_delete$45)
ti_sysbios_knl_Queue_next__E  $Tramp$TT$L$PI$$ti_sysbios_knl_Queue_next__E
   1002ecd7     0000352c     000019a6   rom_sysbios.aem4f : rom_sysbios.obj (.text:_pthread_removeThreadKeys)
ti_sysbios_knl_Queue_head__E  $Tramp$TT$L$PI$$ti_sysbios_knl_Queue_head__E
   1002ecd3     00003534     00001992   rom_sysbios.aem4f : rom_sysbios.obj (.text:_pthread_removeThreadKeys)
ti_sysbios_knl_Semaphore_pend__E  $Tramp$TT$L$PI$$ti_sysbios_knl_Semaphore_pend__E
   1002bfb1     0000353c     0000198c   rom_sysbios.aem4f : rom_sysbios.obj (.text:_pthread_removeThreadKeys)
                             0000329a   dpl_cc13x2.a : SemaphoreP_tirtos.oem4f (.text:SemaphoreP_pend)
ti_sysbios_knl_Task_restore__E  $Tramp$TT$L$PI$$ti_sysbios_knl_Task_restore__E
   1002df45     00003544     00001702   rom_sysbios.aem4f : rom_sysbios.obj (.text:ti_sysbios_knl_Task_setPri__E)
                             00001980                     : rom_sysbios.obj (.text:_pthread_removeThreadKeys)
                             000019e0                     : rom_sysbios.obj (.text:_pthread_removeThreadKeys)
                             00002472                     : rom_sysbios.obj (.text:pthread_exit)
                             00002ebc                     : rom_sysbios.obj (.text:_pthread_cleanupFxn)
                             000030e2   dpl_cc13x2.a : PowerCC26X2_tirtos.oem4f (.text:PowerCC26XX_schedulerRestore)
ti_sysbios_knl_Queue_enqueue__E  $Tramp$TT$L$PI$$ti_sysbios_knl_Queue_enqueue__E
   1002ebd9     0000354c     000016d4   rom_sysbios.aem4f : rom_sysbios.obj (.text:ti_sysbios_knl_Task_setPri__E)
ti_sysbios_knl_Queue_empty__E  $Tramp$TT$L$PI$$ti_sysbios_knl_Queue_empty__E
   1002eb21     00003554     000016bc   rom_sysbios.aem4f : rom_sysbios.obj (.text:ti_sysbios_knl_Task_setPri__E)
                             00001978                     : rom_sysbios.obj (.text:_pthread_removeThreadKeys)
ti_sysbios_knl_Queue_remove__E  $Tramp$TT$L$PI$$ti_sysbios_knl_Queue_remove__E
   1002eb2f     0000355c     000016b6   rom_sysbios.aem4f : rom_sysbios.obj (.text:ti_sysbios_knl_Task_setPri__E)
                             000019ae                     : rom_sysbios.obj (.text:_pthread_removeThreadKeys)
                             000019b4                     : rom_sysbios.obj (.text:_pthread_removeThreadKeys)
ti_sysbios_knl_Task_disable__E  $Tramp$TT$L$PI$$ti_sysbios_knl_Task_disable__E
   1002ea4d     00003564     0000167c   rom_sysbios.aem4f : rom_sysbios.obj (.text:ti_sysbios_knl_Task_setPri__E)
                             0000196e                     : rom_sysbios.obj (.text:_pthread_removeThreadKeys)
                             00002466                     : rom_sysbios.obj (.text:pthread_exit)
                             00002c9a   release_pem4f.oem4f (.text:ti_sysbios_BIOS_atExitFunc__I)
                             00002eae   rom_sysbios.aem4f : rom_sysbios.obj (.text:_pthread_cleanupFxn)
                             000030ba   dpl_cc13x2.a : PowerCC26X2_tirtos.oem4f (.text:PowerCC26XX_schedulerDisable)
ti_sysbios_knl_Clock_stop__E  $Tramp$TT$L$PI$$ti_sysbios_knl_Clock_stop__E
   1002e2c5     0000356c     000011de   dpl_cc13x2.a : PowerCC26X2_tirtos.oem4f (.text:PowerCC26XX_standbyPolicy)
                             000033e0                : ClockP_tirtos.oem4f (.text:ClockP_stop)
ti_sysbios_knl_Clock_start__E  $Tramp$TT$L$PI$$ti_sysbios_knl_Clock_start__E
   1002e9e7     00003574     000011ca   dpl_cc13x2.a : PowerCC26X2_tirtos.oem4f (.text:PowerCC26XX_standbyPolicy)
                             000033dc                : ClockP_tirtos.oem4f (.text:ClockP_start)
ti_sysbios_knl_Clock_setTimeout__E  $Tramp$TT$L$PI$$ti_sysbios_knl_Clock_setTimeout__E
   1002ecc3     0000357c     000011c4   dpl_cc13x2.a : PowerCC26X2_tirtos.oem4f (.text:PowerCC26XX_standbyPolicy)
ti_sysbios_knl_Task_create  $Tramp$TT$L$PI$$ti_sysbios_knl_Task_create
   1002d529     00003584     0000113e   rom_sysbios.aem4f : rom_sysbios.obj (.text:pthread_create)
ti_sysbios_knl_Semaphore_construct  $Tramp$TT$L$PI$$ti_sysbios_knl_Semaphore_construct
   1002ddc1     0000358c     00001134   rom_sysbios.aem4f : rom_sysbios.obj (.text:pthread_create)
                             00002da4   dpl_cc13x2.a : SemaphoreP_tirtos.oem4f (.text:SemaphoreP_constructBinary)
ti_sysbios_knl_Semaphore_Params__init__S  $Tramp$TT$L$PI$$ti_sysbios_knl_Semaphore_Params__init__S
   1002ebe5     00003594     00001122   rom_sysbios.aem4f : rom_sysbios.obj (.text:pthread_create)
                             00002d94   dpl_cc13x2.a : SemaphoreP_tirtos.oem4f (.text:SemaphoreP_constructBinary)
                             00002dc0                : SemaphoreP_tirtos.oem4f (.text:SemaphoreP_createBinary)
ti_sysbios_knl_Queue_construct  $Tramp$TT$L$PI$$ti_sysbios_knl_Queue_construct
   1002dee5     0000359c     00001116   rom_sysbios.aem4f : rom_sysbios.obj (.text:pthread_create)
xdc_runtime_Memory_alloc__E  $Tramp$TT$L$PI$$xdc_runtime_Memory_alloc__E
   1002f289     000035a4     000010be   rom_sysbios.aem4f : rom_sysbios.obj (.text:pthread_create)
ti_sysbios_knl_Task_Params__init__S  $Tramp$TT$L$PI$$ti_sysbios_knl_Task_Params__init__S
   1002ec09     000035ac     000010aa   rom_sysbios.aem4f : rom_sysbios.obj (.text:pthread_create)
ti_sysbios_family_arm_m3_Hwi_restoreFxn__E  $Tramp$TT$L$PI$$ti_sysbios_family_arm_m3_Hwi_restoreFxn__E
   1002ec47     000035b4     00000d02   drivers_cc13x2.a : GPIOCC26XX.oem4f (.text:GPIO_setConfig)
                             00000d32                    : GPIOCC26XX.oem4f (.text:GPIO_setConfig)
                             00001056                    : PINCC26XX.oem4f (.text:PINCC26XX_setIoCfg)
                             0000125a                    : GPIOCC26XX.oem4f (.text:GPIO_init)
                             00001260                    : GPIOCC26XX.oem4f (.text:GPIO_init)
                             000013a4                    : PowerCC26X2.oem4f (.text:Power_releaseDependency)
                             0000145e                    : PowerCC26X2.oem4f (.text:Power_setDependency)
                             0000225e                    : GPIOCC26XX.oem4f (.text:GPIO_write)
                             000023a6                    : PowerCC26X2_calibrateRCOSC.oem4f (.text:PowerCC26X2_initiateCalibration)
                             000026c2                    : PowerCC26X2.oem4f (.text:switchXOSCHF)
                             00002b2a                    : GPIOCC26XX.oem4f (.text:GPIO_toggle)
                             00002c58                    : PowerCC26X2.oem4f (.text:Power_releaseConstraint)
                             00002c88                    : PowerCC26X2.oem4f (.text:Power_setConstraint)
xdc_runtime_System_doPrint__I  $Tramp$TT$L$PI$$xdc_runtime_System_doPrint__I
   1002ecf1     000035bc     000008be   release_pem4f.oem4f (.text:xdc_runtime_System_printfExtend__I)

[55 trampolines]
[94 trampoline calls]


GLOBAL SYMBOLS: SORTED ALPHABETICALLY BY Name 

address   name                                                               
-------   ----                                                               
00003b30  BoardGpioInitTable                                                 
00002f85  Board_init                                                         
000003bf  Board_initHook                                                     
00001c95  Board_sendExtFlashByte                                             
000027b9  Board_shutDownExtFlash                                             
00002531  Board_wakeUpExtFlash                                               
000033b5  ClockP_Params_init                                                 
000027f9  ClockP_construct                                                   
00003319  ClockP_getSystemTickPeriod                                         
1002dc11  ClockP_getSystemTicks                                              
000033dd  ClockP_start                                                       
000033e1  ClockP_stop                                                        
00003ab0  GPIOCC26XX_config                                                  
00002bd5  GPIO_hwiIntFxn                                                     
00001241  GPIO_init                                                          
00002c05  GPIO_setCallback                                                   
00000c91  GPIO_setConfig                                                     
00002b05  GPIO_toggle                                                        
0000220d  GPIO_write                                                         
00004000  HEAPSIZE                                                           
000032bd  HwiP_Params_init                                                   
000028f9  HwiP_construct                                                     
000033e5  HwiP_disable                                                       
1002ec47  HwiP_restore                                                       
UNDEFED   ITM_flush                                                          
UNDEFED   ITM_restore                                                        
00002b39  NOROM_AUXSYSIFOpModeChange                                         
00003325  NOROM_CPUcpsid                                                     
00003331  NOROM_CPUcpsie                                                     
000033c7  NOROM_CPUdelay                                                     
00003081  NOROM_ChipInfo_GetChipFamily                                       
0000206d  NOROM_ChipInfo_GetChipType                                         
000026ed  NOROM_ChipInfo_GetHwRevision                                       
00003145  NOROM_ChipInfo_GetPackageType                                      
000018e1  NOROM_OSCHF_AttemptToSwitchToXosc                                  
000020d9  NOROM_OSCHF_SwitchToRcOscTurnOffXosc                               
00002e89  NOROM_OSCHF_TurnOnXosc                                             
00002839  NOROM_OSC_HPOSCRelativeFrequencyOffsetGet                          
00002489  NOROM_PRCMPowerDomainsAllOff                                       
0000257d  NOROM_PRCMPowerDomainsAllOn                                        
000017b1  NOROM_SetupTrimDevice                                              
00002b6d  NOROM_SysCtrlIdle                                                  
00001d9d  NOROM_SysCtrlSetRechargeBeforePowerDown                            
00000e9d  NOROM_SysCtrlStandby                                               
00003205  NOROM_ThisLibraryIsFor_CC13x2_CC26x2_HwRev20AndLater_HaltIfViolated
000032cd  PINCC26XX_getPinCount                                              
00003b38  PINCC26XX_hwAttrs                                                  
00001f8d  PIN_add                                                            
00003045  PIN_close                                                          
0000003d  PIN_init                                                           
0000147d  PIN_open                                                           
0000333d  PIN_registerIntCb                                                  
0000226d  PIN_remove                                                         
000029ed  PIN_setConfig                                                      
00002939  PIN_setOutputValue                                                 
00002615  PowerCC26X2_RCOSC_clockFunc                                        
00001f19  PowerCC26X2_auxISR                                                 
00003247  PowerCC26X2_calibrate                                              
00003ac4  PowerCC26X2_config                                                 
00002381  PowerCC26X2_initiateCalibration                                    
20004110  PowerCC26X2_module                                                 
00003129  PowerCC26XX_calibrate                                              
000030b9  PowerCC26XX_schedulerDisable                                       
000030d5  PowerCC26XX_schedulerRestore                                       
00001179  PowerCC26XX_standbyPolicy                                          
20004b0c  PowerCC26XX_swiKey                                                 
20004b10  PowerCC26XX_taskKey                                                
00003349  Power_getConstraintMask                                            
00003355  Power_getDependencyCount                                           
00003063  Power_getTransitionLatency                                         
0000315d  Power_idleFunc                                                     
000009fd  Power_init                                                         
00002c35  Power_releaseConstraint                                            
00001305  Power_releaseDependency                                            
00002c65  Power_setConstraint                                                
000013c5  Power_setDependency                                                
000003c1  Power_sleep                                                        
000035c4  ROM_constStruct                                                    
00003a18  ROM_externFuncPtrs                                                 
20004280  ROM_stateStruct                                                    
000023d9  ResetISR                                                           
UNDEFED   SHT$$INIT_ARRAY$$Base                                              
UNDEFED   SHT$$INIT_ARRAY$$Limit                                             
00002d83  SemaphoreP_constructBinary                                         
00002db1  SemaphoreP_createBinary                                            
00003361  SemaphoreP_delete                                                  
00003299  SemaphoreP_pend                                                    
000033e9  SemaphoreP_post                                                    
000032dd  SwiP_Params_init                                                   
000024dd  SwiP_construct                                                     
000033ed  SwiP_getTrigger                                                    
000033f1  SwiP_or                                                            
1002db61  SwiP_restore                                                       
00000000  __ASM__                                                            
0000008b  __ISA__                                                            
0000009e  __PLAT__                                                           
20014000  __STACK_END                                                        
00000400  __STACK_SIZE                                                       
000000c5  __TARG__                                                           
00003d18  __TI_CINIT_Base                                                    
00003d40  __TI_CINIT_Limit                                                   
00003cec  __TI_Handler_Table_Base                                            
00003cf8  __TI_Handler_Table_Limit                                           
000015d5  __TI_auto_init                                                     
00002141  __TI_decompress_lzss                                               
000032ed  __TI_decompress_none                                               
ffffffff  __TI_pprof_out_hndl                                                
ffffffff  __TI_prof_data_size                                                
ffffffff  __TI_prof_data_start                                               
00000000  __TI_static_base__                                                 
00003385  __TI_zero_init                                                     
000000eb  __TRDR__                                                           
00001b89  __aeabi_cdcmpeq                                                    
00001b89  __aeabi_cdcmple                                                    
00001c0f  __aeabi_cdrcmple                                                   
0000265d  __aeabi_d2iz                                                       
00002775  __aeabi_d2uiz                                                      
00000213  __aeabi_dadd                                                       
00000da1  __aeabi_dmul                                                       
00000209  __aeabi_dsub                                                       
00002a95  __aeabi_f2d                                                        
00002d55  __aeabi_i2d                                                        
0000206b  __aeabi_idiv0                                                      
0000206b  __aeabi_ldiv0                                                      
0000318d  __aeabi_lmul                                                       
00001e9d  __aeabi_memclr                                                     
00001e9d  __aeabi_memclr4                                                    
00001e9d  __aeabi_memclr8                                                    
00001715  __aeabi_memcpy                                                     
00001715  __aeabi_memcpy4                                                    
00001715  __aeabi_memcpy8                                                    
00001e9f  __aeabi_memset                                                     
00001e9f  __aeabi_memset4                                                    
00001e9f  __aeabi_memset8                                                    
00002879  __aeabi_uidiv                                                      
00002879  __aeabi_uidivmod                                                   
00001849  __aeabi_uldivmod                                                   
ffffffff  __binit__                                                          
ffffffff  __c_args__                                                         
00057fa8  __ccfg                                                             
20004110  __primary_heap_end__                                               
20000110  __primary_heap_start__                                             
20013c00  __stack                                                            
20000000  __start___llvm_prf_cnts                                            
20000000  __stop___llvm_prf_cnts                                             
00003175  _args_main                                                         
000023d9  _c_int00                                                           
20004590  _hposcCoeffs                                                       
20004624  _lock                                                              
000018df  _nop                                                               
00002ead  _pthread_cleanupFxn                                                
0000321b  _pthread_cleanup_pop                                               
00001969  _pthread_removeThreadKeys                                          
0000336d  _register_lock                                                     
00003379  _register_unlock                                                   
20004628  _unlock                                                            
ffffffff  binit                                                              
000025c9  copy_in                                                            
20004b14  driverlib_release_0_58048                                          
200044b4  gpioCallbackFunctions                                              
200046a4  gpioPinConfigs                                                     
00003afc  inPinTypes                                                         
000021a9  main                                                               
00002a25  mainThread                                                         
200046b0  main_func_sp                                                       
00001715  memcpy                                                             
00001ea5  memset                                                             
00002fc5  my_rend                                                            
00003b08  outPinStrengths                                                    
00003aec  outPinTypes                                                        
20004998  pinHandleTable                                                     
20004630  pinLowerBound                                                      
2000462c  pinUpperBound                                                      
00002ef5  pthread_attr_init                                                  
000032fb  pthread_attr_setdetachstate                                        
0000325b  pthread_attr_setschedparam                                         
000033d3  pthread_attr_setstacksize                                          
0000108d  pthread_create                                                     
00002431  pthread_exit                                                       
00003391  pthread_self                                                       
00002e09  pthread_setcancelstate                                             
00002ba1  rand                                                               
0000397c  resourceDB                                                         
00002975  sleep                                                              
1002fddb  strlen                                                             
200042c0  ti_sysbios_BIOS_Module__state__V                                   
1002e4e1  ti_sysbios_BIOS_RtsGateProxy_Handle__label__S                      
1002eb79  ti_sysbios_BIOS_RtsGateProxy_Params__init__S                       
1002ec77  ti_sysbios_BIOS_RtsGateProxy_enter__E                              
1002ec7b  ti_sysbios_BIOS_RtsGateProxy_leave__E                              
1002ec9b  ti_sysbios_BIOS_RtsGateProxy_query__E                              
1002ec9b  ti_sysbios_BIOS_RtsGateProxy_query__E                              
00002c95  ti_sysbios_BIOS_atExitFunc__I                                      
00003231  ti_sysbios_BIOS_exitFunc__I                                        
1002ea85  ti_sysbios_BIOS_exit__E                                            
1002e9fd  ti_sysbios_BIOS_getCpuFreq__E                                      
1002ea95  ti_sysbios_BIOS_getThreadType__E                                   
1002d01b  ti_sysbios_BIOS_linkedWithIncorrectBootLibrary__E                  
00002937  ti_sysbios_BIOS_nullFunc__I                                        
00002f19  ti_sysbios_BIOS_registerRTSLock__I                                 
00002f3d  ti_sysbios_BIOS_removeRTSLock__I                                   
00002fe5  ti_sysbios_BIOS_rtsLock__I                                         
000031bd  ti_sysbios_BIOS_rtsUnlock__I                                       
1002ea11  ti_sysbios_BIOS_setThreadType__E                                   
00002cc5  ti_sysbios_BIOS_startFunc__I                                       
1002eaa5  ti_sysbios_BIOS_start__E                                           
000017b1  ti_sysbios_family_arm_cc26xx_Boot_trimDevice                       
000036ae  ti_sysbios_family_arm_cc26xx_Timer_Module__id__C                   
1002e15d  ti_sysbios_family_arm_cc26xx_Timer_Module__startupDone__S          
20004384  ti_sysbios_family_arm_cc26xx_Timer_Module__state__V                
1002dfa5  ti_sysbios_family_arm_cc26xx_Timer_Module_startup__E               
200044b8  ti_sysbios_family_arm_cc26xx_Timer_Object__table__V                
00003005  ti_sysbios_family_arm_cc26xx_Timer_dynamicStub__E                  
000036e4  ti_sysbios_family_arm_cc26xx_Timer_funcHookCH1__C                  
00003744  ti_sysbios_family_arm_cc26xx_Timer_funcHookCH2__C                  
00003271  ti_sysbios_family_arm_cc26xx_Timer_getCount64__E                   
00002cf5  ti_sysbios_family_arm_cc26xx_Timer_getCurrentTick__E               
1002ec7f  ti_sysbios_family_arm_cc26xx_Timer_getExpiredTicks__E              
00002f61  ti_sysbios_family_arm_cc26xx_Timer_getMaxTicks__E                  
1002ec83  ti_sysbios_family_arm_cc26xx_Timer_getPeriod__E                    
00002d25  ti_sysbios_family_arm_cc26xx_Timer_initDevice__I                   
1002c709  ti_sysbios_family_arm_cc26xx_Timer_periodicStub__E                 
1002dfd1  ti_sysbios_family_arm_cc26xx_Timer_postInit__I                     
00002acd  ti_sysbios_family_arm_cc26xx_Timer_setNextTick__E                  
1002ec87  ti_sysbios_family_arm_cc26xx_Timer_setPeriod__E                    
000028b9  ti_sysbios_family_arm_cc26xx_Timer_setThreshold__I                 
00001e1d  ti_sysbios_family_arm_cc26xx_Timer_start__E                        
0000371c  ti_sysbios_family_arm_cc26xx_Timer_startupNeeded__C                
1002dcf1  ti_sysbios_family_arm_cc26xx_Timer_startup__E                      
200042ac  ti_sysbios_family_arm_cc26xx_TimestampProvider_Module__state__V    
1002e42d  ti_sysbios_family_arm_cc26xx_TimestampProvider_Module_startup__E   
00003309  ti_sysbios_family_arm_cc26xx_TimestampProvider_get32__E            
1002dffd  ti_sysbios_family_arm_cc26xx_TimestampProvider_get64__E            
1002eb3d  ti_sysbios_family_arm_cc26xx_TimestampProvider_getFreq__E          
000038bc  ti_sysbios_family_arm_cc26xx_TimestampProvider_useClockTimer__C    
00003748  ti_sysbios_family_arm_m3_Hwi_E_NMI__C                              
0000384c  ti_sysbios_family_arm_m3_Hwi_E_alreadyDefined__C                   
000037ac  ti_sysbios_family_arm_m3_Hwi_E_busFault__C                         
000038d4  ti_sysbios_family_arm_m3_Hwi_E_debugMon__C                         
00003b50  ti_sysbios_family_arm_m3_Hwi_E_exception__C                        
000038c8  ti_sysbios_family_arm_m3_Hwi_E_hardFault__C                        
000038f0  ti_sysbios_family_arm_m3_Hwi_E_hwiLimitExceeded__C                 
00003944  ti_sysbios_family_arm_m3_Hwi_E_memFault__C                         
00003720  ti_sysbios_family_arm_m3_Hwi_E_noIsr__C                            
000036ec  ti_sysbios_family_arm_m3_Hwi_E_reserved__C                         
000038d8  ti_sysbios_family_arm_m3_Hwi_E_svCall__C                           
00003934  ti_sysbios_family_arm_m3_Hwi_E_usageFault__C                       
1002e451  ti_sysbios_family_arm_m3_Hwi_Handle__label__S                      
1002ce71  ti_sysbios_family_arm_m3_Hwi_Instance_finalize__E                  
1002c79d  ti_sysbios_family_arm_m3_Hwi_Instance_init__E                      
200046a2  ti_sysbios_family_arm_m3_Hwi_Module_State_0_excActive__A           
200046b4  ti_sysbios_family_arm_m3_Hwi_Module_State_0_excContext__A          
200046b8  ti_sysbios_family_arm_m3_Hwi_Module_State_0_excStack__A            
000036ac  ti_sysbios_family_arm_m3_Hwi_Module__id__C                         
20004634  ti_sysbios_family_arm_m3_Hwi_Module__root__V                       
1002e185  ti_sysbios_family_arm_m3_Hwi_Module__startupDone__S                
20004350  ti_sysbios_family_arm_m3_Hwi_Module__state__V                      
[...]
1002eb05  ti_sysbios_gates_GateMutex_leave__E                                
1002eb13  ti_sysbios_heaps_HeapMem_restore__E                                
1002eb21  ti_sysbios_knl_Queue_empty__E                                      
1002eb2f  ti_sysbios_knl_Queue_remove__E                                     
1002eb3d  ti_sysbios_family_arm_cc26xx_TimestampProvider_getFreq__E          
1002eb3d  xdc_runtime_Timestamp_SupportProxy_getFreq__E                      
1002eb3d  xdc_runtime_Timestamp_SupportProxy_getFreq__E                      
1002eb3d  xdc_runtime_Timestamp_getFreq__E                                   
1002eb3d  xdc_runtime_Timestamp_getFreq__E                                   
1002eb49  ti_sysbios_family_arm_m3_Hwi_Params__init__S                       
1002eb49  ti_sysbios_hal_Hwi_HwiProxy_Params__init__S                        
1002eb55  ti_sysbios_family_arm_m3_Hwi_disableFxn__E                         
1002eb61  ti_sysbios_family_arm_m3_Hwi_enableFxn__E                          
1002eb6d  ti_sysbios_gates_GateHwi_enter__E                                  
1002eb79  ti_sysbios_BIOS_RtsGateProxy_Params__init__S                       
1002eb79  ti_sysbios_gates_GateMutex_Params__init__S                         
1002eb79  ti_sysbios_heaps_HeapMem_Module_GateProxy_Params__init__S          
1002eb85  ti_sysbios_heaps_HeapTrack_Params__init__S                         
1002eb91  ti_sysbios_heaps_HeapTrack_isBlocking__E                           
1002eb9d  ti_sysbios_knl_Clock_Params__init__S                               
1002eba9  ti_sysbios_knl_Clock_getTimerHandle__E                             
1002ebb5  ti_sysbios_knl_Event_Params__init__S                               
1002ebc1  ti_sysbios_knl_Mailbox_Params__init__S                             
1002ebcd  ti_sysbios_knl_Queue_dequeue__E                                    
1002ebd9  ti_sysbios_knl_Queue_enqueue__E                                    
1002ebe5  ti_sysbios_knl_Semaphore_Params__init__S                           
1002ebf1  ti_sysbios_knl_Swi_Params__init__S                                 
1002ebfd  ti_sysbios_knl_Swi_self__E                                         
1002ec09  ti_sysbios_knl_Task_Params__init__S                                
1002ec15  ti_sysbios_hal_Hwi_Instance_finalize__E                            
1002ec1f  ti_sysbios_knl_Event_Instance_init__E                              
1002ec29  ti_sysbios_family_arm_m3_Hwi_doSwiRestore__I                       
1002ec31  ti_sysbios_family_arm_m3_Hwi_startup__E                            
1002ec31  ti_sysbios_hal_Hwi_HwiProxy_startup__E                             
1002ec31  ti_sysbios_hal_Hwi_HwiProxy_startup__E                             
1002ec31  ti_sysbios_hal_Hwi_startup__E                                      
1002ec31  ti_sysbios_hal_Hwi_startup__E                                      
1002ec39  ti_sysbios_knl_Idle_loop__E                                        
1002ec41  ti_sysbios_family_arm_m3_Hwi_doTaskRestore__I                      
1002ec47  HwiP_restore                                                       
1002ec47  ti_sysbios_family_arm_m3_Hwi_restoreFxn__E                         
1002ec4d  ti_sysbios_gates_GateHwi_leave__E                                  
1002ec53  ti_sysbios_gates_GateMutex_Instance_finalize__E                    
1002ec59  ti_sysbios_heaps_HeapMem_isBlocking__E                             
1002ec5f  ti_sysbios_knl_Queue_Instance_init__E                              
1002ec65  ti_sysbios_knl_Queue_elemClear__E                                  
1002ec6b  ti_sysbios_knl_Swi_startup__E                                      
1002ec71  ti_sysbios_knl_Task_enable__E                                      
1002ec77  ti_sysbios_BIOS_RtsGateProxy_enter__E                              
1002ec7b  ti_sysbios_BIOS_RtsGateProxy_leave__E                              
1002ec7f  ti_sysbios_family_arm_cc26xx_Timer_getExpiredTicks__E              
1002ec83  ti_sysbios_family_arm_cc26xx_Timer_getPeriod__E                    
1002ec87  ti_sysbios_family_arm_cc26xx_Timer_setPeriod__E                    
1002ec8b  ti_sysbios_family_arm_m3_Hwi_delete                                
1002ec8f  ti_sysbios_family_arm_m3_TaskSupport_Module__startupDone__S        
1002ec8f  ti_sysbios_knl_Task_SupportProxy_Module__startupDone__S            
1002ec93  ti_sysbios_gates_GateHwi_query__E                                  
1002ec93  xdc_runtime_Main_Module_GateProxy_query__E                         
1002ec93  xdc_runtime_System_Module_GateProxy_query__E                       
1002ec93  xdc_runtime_System_Module_GateProxy_query__E                       
1002ec97  ti_sysbios_gates_GateMutex_delete                                  
1002ec9b  ti_sysbios_BIOS_RtsGateProxy_query__E                              
1002ec9b  ti_sysbios_BIOS_RtsGateProxy_query__E                              
1002ec9b  ti_sysbios_gates_GateMutex_query__E                                
1002ec9b  ti_sysbios_heaps_HeapMem_Module_GateProxy_query__E                 
1002ec9b  ti_sysbios_heaps_HeapMem_Module_GateProxy_query__E                 
1002ec9f  ti_sysbios_hal_Hwi_HwiProxy_create                                 
1002eca3  ti_sysbios_hal_Hwi_HwiProxy_delete                                 
1002eca7  ti_sysbios_hal_Hwi_delete                                          
1002ecab  ti_sysbios_heaps_HeapMem_Module_GateProxy_enter__E                 
1002ecaf  ti_sysbios_heaps_HeapMem_Module_GateProxy_leave__E                 
1002ecb3  ti_sysbios_knl_Clock_TimerProxy_getExpiredTicks__E                 
1002ecb7  ti_sysbios_knl_Clock_TimerProxy_getPeriod__E                       
1002ecbb  ti_sysbios_knl_Clock_delete                                        
1002ecbf  ti_sysbios_knl_Clock_removeI__E                                    
1002ecc3  ti_sysbios_knl_Clock_setTimeout__E                                 
1002ecc7  ti_sysbios_knl_Event_delete                                        
1002eccb  ti_sysbios_knl_Mailbox_delete                                      
1002eccf  ti_sysbios_knl_Queue_delete                                        
1002ecd3  ti_sysbios_knl_Queue_head__E                                       
1002ecd7  ti_sysbios_knl_Queue_next__E                                       
1002ecdb  ti_sysbios_knl_Semaphore_delete                                    
1002ecdf  ti_sysbios_knl_Swi_delete                                          
1002ece3  ti_sysbios_knl_Swi_postInit__I                                     
1002ece7  ti_sysbios_knl_Task_delete                                         
1002eceb  ti_sysbios_knl_Task_startup__E                                     
1002ecf1  xdc_runtime_System_doPrint__I                                      
1002f055  xdc_runtime_Startup_startMods__I                                   
1002f15d  xdc_runtime_Text_putSite__E                                        
1002f1f7  xdc_runtime_Error_policySpin__E                                    
1002f1f9  xdc_runtime_Text_putMod__E                                         
1002f289  xdc_runtime_Memory_alloc__E                                        
1002f2f9  xdc_runtime_Core_createObject__I                                   
1002f367  xdc_runtime_Core_deleteObject__I                                   
1002f3c5  xdc_runtime_Text_putLab__E                                         
1002f421  xdc_runtime_Assert_raise__I                                        
1002f475  xdc_runtime_Startup_exec__E                                        
1002f4c9  xdc_runtime_Core_assignParams__I                                   
1002f511  xdc_runtime_Core_constructObject__I                                
1002f559  xdc_runtime_System_atexit__E                                       
1002f5a1  xdc_runtime_Text_xprintf__I                                        
1002f5e5  xdc_runtime_System_processAtExit__E                                
1002f625  xdc_runtime_System_putchar__I                                      
1002f659  xdc_runtime_Core_assignLabel__I                                    
1002f689  xdc_runtime_Text_printVisFxn__I                                    
1002f6b9  xdc_runtime_System_vprintf__E                                      
1002f6e5  xdc_runtime_Text_cordText__E                                       
1002f711  xdc_runtime_System_abort__E                                        
1002f739  xdc_runtime_Error_raiseX__E                                        
1002f759  xdc_runtime_Registry_findById__E                                   
1002f779  xdc_runtime_Error_check__E                                         
1002f795  xdc_runtime_Memory_valloc__E                                       
1002f7b1  xdc_runtime_System_exit__E                                         
1002f7cd  xdc_runtime_Text_ropeText__E                                       
1002f7e9  xdc_runtime_System_printf__E                                       
1002f803  xdc_runtime_Core_destructObject__I                                 
1002f81b  xdc_runtime_System_abortSpin__E                                    
1002f81d  xdc_runtime_Memory_free__E                                         
1002f831  xdc_runtime_Memory_getStats__E                                     
1002f845  xdc_runtime_SysCallback_abort__E                                   
1002f845  xdc_runtime_System_SupportProxy_abort__E                           
1002f859  xdc_runtime_SysCallback_exit__E                                    
1002f859  xdc_runtime_System_SupportProxy_exit__E                            
1002f86d  xdc_runtime_SysCallback_flush__E                                   
1002f86d  xdc_runtime_System_SupportProxy_flush__E                           
1002f86d  xdc_runtime_System_flush__E                                        
1002f881  xdc_runtime_SysCallback_putch__E                                   
1002f881  xdc_runtime_System_SupportProxy_putch__E                           
1002f895  xdc_runtime_SysCallback_ready__E                                   
1002f895  xdc_runtime_System_SupportProxy_ready__E                           
1002f8a9  xdc_runtime_Memory_getMaxDefaultTypeAlign__E                       
1002f8b9  xdc_runtime_System_vsnprintf__E                                    
1002f8c9  xdc_runtime_Timestamp_SupportProxy_get32__E                        
1002f8c9  xdc_runtime_Timestamp_SupportProxy_get32__E                        
1002f8c9  xdc_runtime_Timestamp_get32__E                                     
1002f8c9  xdc_runtime_Timestamp_get32__E                                     
1002f8d9  xdc_runtime_Memory_calloc__E                                       
1002f8e5  xdc_runtime_Startup_rtsDone__E                                     
1002f8f1  xdc_runtime_Memory_HeapProxy_alloc__E                              
1002f8fb  xdc_runtime_Memory_HeapProxy_free__E                               
1002f905  xdc_runtime_Memory_HeapProxy_getStats__E                           
1002f90f  xdc_runtime_Gate_leaveSystem__E                                    
1002f915  xdc_runtime_System_Module_startup__E                               
1002f91b  xdc_runtime_Gate_enterSystem__E                                    
1002f91f  xdc_runtime_SysCallback_Module__startupDone__S                     
1002f91f  xdc_runtime_System_SupportProxy_Module__startupDone__S             
1002f923  xdc_runtime_System_Module_GateProxy_enter__E                       
1002f927  xdc_runtime_System_Module_GateProxy_leave__E                       
1002f92b  xdc_runtime_System_printf_va__F                                    
1002f92f  xdc_runtime_System_exitSpin__E                                     
1002f931  ti_sysbios_family_arm_m3_Hwi_dispatch__I                           
1002fa11  ti_sysbios_family_arm_m3_Hwi_interruptsAreDisabledButShouldNotBe   
1002fa2d  ti_sysbios_family_arm_m3_TaskSupport_buildTaskStack                
1002fab9  ti_sysbios_family_arm_m3_Hwi_initStacks__E                         
1002fb11  ti_sysbios_family_arm_m3_Hwi_pendSV__I                             
1002fb35  ti_sysbios_family_arm_m3_Hwi_return                                
1002fb39  ti_sysbios_family_arm_m3_Hwi_excHandlerAsm__I                      
1002fb59  ti_sysbios_family_xxx_Hwi_switchAndRunFunc                         
1002fb77  ti_sysbios_family_arm_m3_TaskSupport_swap__E                       
1002fb77  ti_sysbios_knl_Task_SupportProxy_swap__E                           
1002fb77  ti_sysbios_knl_Task_SupportProxy_swap__E                           
1002fb83  ti_sysbios_knl_Task_swapReturn                                     
1002fb8f  ti_sysbios_family_arm_m3_TaskSupport_glue                          
1002fba0  ti_sysbios_knl_Task_Object__PARAMS__C                              
1002fbdc  ti_sysbios_knl_Mailbox_Object__PARAMS__C                           
1002fc10  ti_sysbios_family_arm_m3_Hwi_Object__PARAMS__C                     
1002fc40  ti_sysbios_hal_Hwi_Object__PARAMS__C                               
1002fc6c  ti_sysbios_knl_Swi_Object__PARAMS__C                               
1002fc94  ti_sysbios_heaps_HeapMem_Object__PARAMS__C                         
1002fcb8  ti_sysbios_knl_Clock_Object__PARAMS__C                             
1002fcdc  ti_sysbios_knl_Semaphore_Object__PARAMS__C                         
1002fd00  ti_sysbios_gates_GateHwi_Object__PARAMS__C                         
1002fd18  ti_sysbios_gates_GateMutex_Object__PARAMS__C                       
1002fd30  ti_sysbios_knl_Event_Object__PARAMS__C                             
1002fd48  ti_sysbios_knl_Queue_Object__PARAMS__C                             
1002fd80  ti_sysbios_heaps_HeapTrack_Object__PARAMS__C                       
1002fd9c  ti_sysbios_heaps_HeapTrack_Instance_State_trackQueue__O            
1002fda0  ti_sysbios_heaps_HeapTrack_Module__diagsEnabled__C                 
1002fda4  ti_sysbios_heaps_HeapTrack_Module__diagsIncluded__C                
1002fda8  ti_sysbios_heaps_HeapTrack_Module__diagsMask__C                    
1002fddb  strlen                                                             
20000000  __start___llvm_prf_cnts                                            
20000000  __stop___llvm_prf_cnts                                             
20000000  ti_sysbios_family_arm_m3_Hwi_ramVectors                            
20000100  xdcRomConstPtr                                                     
20000104  xdcRomExternFuncPtr                                                
20000108  xdcRomStatePtr                                                     
20000110  __primary_heap_start__                                             
20004110  PowerCC26X2_module                                                 
20004110  __primary_heap_end__                                               
20004280  ROM_stateStruct                                                    
20004280  ti_sysbios_knl_Clock_Module__state__V                              
200042ac  ti_sysbios_family_arm_cc26xx_TimestampProvider_Module__state__V    
200042b0  xdc_runtime_Startup_Module__state__V                               
200042b8  xdc_runtime_Registry_Module__state__V                              
200042c0  ti_sysbios_BIOS_Module__state__V                                   
200042e4  ti_sysbios_knl_Swi_Module__state__V                                
20004300  ti_sysbios_knl_Task_Module__state__V                               
20004344  xdc_runtime_Memory_Module__state__V                                
20004348  xdc_runtime_System_Module__state__V                                
20004350  ti_sysbios_family_arm_m3_Hwi_Module__state__V                      
20004384  ti_sysbios_family_arm_cc26xx_Timer_Module__state__V                
20004414  ti_sysbios_gates_GateMutex_Object__table__V                        
20004468  ti_sysbios_knl_Task_Object__table__V                               
200044b4  gpioCallbackFunctions                                              
200044b8  ti_sysbios_family_arm_cc26xx_Timer_Object__table__V                
20004500  ti_sysbios_knl_Swi_Module_State_0_readyQ__A                        
20004530  ti_sysbios_knl_Swi_Object__table__V                                
20004560  ti_sysbios_knl_Task_Module_State_0_readyQ__A                       
20004590  _hposcCoeffs                                                       
200045b4  ti_sysbios_knl_Clock_Object__table__V                              
200045d4  xdc_runtime_Error_IgnoreBlock                                      
200045f4  ti_sysbios_family_arm_m3_Hwi_Object__table__V                      
2000460c  ti_sysbios_heaps_HeapMem_Object__table__V                          
20004624  _lock                                                              
20004628  _unlock                                                            
2000462c  pinUpperBound                                                      
20004630  pinLowerBound                                                      
20004634  ti_sysbios_family_arm_m3_Hwi_Module__root__V                       
2000463c  ti_sysbios_gates_GateHwi_Module__root__V                           
20004644  ti_sysbios_gates_GateMutex_Module__root__V                         
2000464c  ti_sysbios_hal_Hwi_Module__root__V                                 
20004654  ti_sysbios_heaps_HeapMem_Module__root__V                           
2000465c  ti_sysbios_knl_Clock_Module__root__V                               
20004664  ti_sysbios_knl_Event_Module__root__V                               
2000466c  ti_sysbios_knl_Mailbox_Module__root__V                             
20004674  ti_sysbios_knl_Queue_Module__root__V                               
2000467c  ti_sysbios_knl_Semaphore_Module__root__V                           
20004684  ti_sysbios_knl_Swi_Module__root__V                                 
2000468c  ti_sysbios_knl_Task_Module__root__V                                
20004694  xdc_runtime_System_Module_State_0_atexitHandlers__A                
200046a2  ti_sysbios_family_arm_m3_Hwi_Module_State_0_excActive__A           
200046a4  gpioPinConfigs                                                     
200046b0  main_func_sp                                                       
200046b4  ti_sysbios_family_arm_m3_Hwi_Module_State_0_excContext__A          
200046b8  ti_sysbios_family_arm_m3_Hwi_Module_State_0_excStack__A            
200046bc  ti_sysbios_knl_Task_Module_State_0_idleTask__A                     
200046c0  ti_sysbios_knl_Task_Instance_State_0_stack__A                      
200048c0  ti_sysbios_family_arm_m3_Hwi_dispatchTable                         
20004998  pinHandleTable                                                     
20004b0c  PowerCC26XX_swiKey                                                 
20004b10  PowerCC26XX_taskKey                                                
20004b14  driverlib_release_0_58048                                          
20013c00  __stack                                                            
20014000  __STACK_END                                                        
e000e000  ti_sysbios_family_arm_m3_Hwi_nvic                                  
ffffffff  __TI_pprof_out_hndl                                                
ffffffff  __TI_prof_data_size                                                
ffffffff  __TI_prof_data_start                                               
ffffffff  __binit__                                                          
ffffffff  __c_args__                                                         
ffffffff  binit                                                              
UNDEFED   ITM_flush                                                          
UNDEFED   ITM_restore                                                        
UNDEFED   SHT$$INIT_ARRAY$$Base                                              
UNDEFED   SHT$$INIT_ARRAY$$Limit                                             

[809 symbols]
